// Jest Snapshot v1, https://goo.gl/fbAQLP

exports[`Testing <GifGridItem /> should show the component correctly 1`] = `
<div
  className="card animate__animated animate__fadeIn"
>
  <img
    className="card__image"
  />
  <p
    className="card__text"
  />
</div>
`;
